// Jest Snapshot v1, https://goo.gl/fbAQLP

exports[`Header should render Header 1`] = `
"<styled.header>
  <div className=\\"logo-wrapper\\">
    <img src=\\"airbnb-logo.svg\\" alt=\\"Logo\\" />
  </div>
  <ul>
    <li>
      <ThemeSwitcher onClick={[Function: mockConstructor]} />
    </li>
    <li>
      <a href=\\"#\\">
        Become a host
      </a>
    </li>
    <li>
      <a href=\\"#\\">
        Help
      </a>
    </li>
    <li>
      <a href=\\"#\\">
        Sign up
      </a>
    </li>
    <li>
      <a href=\\"#\\">
        Login
      </a>
    </li>
  </ul>
</styled.header>"
`;
